/Users/peppe/Documents/STM32CubeIDE/workspace_114.0_3/LoRaWAN_End_Node_FreeRTOS/Drivers/STM32WLxx_HAL_Driver/Src/stm32wlxx_hal_exti.c:143:19:HAL_EXTI_SetConfigLine	16	static
/Users/peppe/Documents/STM32CubeIDE/workspace_114.0_3/LoRaWAN_End_Node_FreeRTOS/Drivers/STM32WLxx_HAL_Driver/Src/stm32wlxx_hal_exti.c:275:19:HAL_EXTI_GetConfigLine	8	static
/Users/peppe/Documents/STM32CubeIDE/workspace_114.0_3/LoRaWAN_End_Node_FreeRTOS/Drivers/STM32WLxx_HAL_Driver/Src/stm32wlxx_hal_exti.c:375:19:HAL_EXTI_ClearConfigLine	12	static
/Users/peppe/Documents/STM32CubeIDE/workspace_114.0_3/LoRaWAN_End_Node_FreeRTOS/Drivers/STM32WLxx_HAL_Driver/Src/stm32wlxx_hal_exti.c:447:19:HAL_EXTI_RegisterCallback	0	static
/Users/peppe/Documents/STM32CubeIDE/workspace_114.0_3/LoRaWAN_End_Node_FreeRTOS/Drivers/STM32WLxx_HAL_Driver/Src/stm32wlxx_hal_exti.c:473:19:HAL_EXTI_GetHandle	0	static
/Users/peppe/Documents/STM32CubeIDE/workspace_114.0_3/LoRaWAN_End_Node_FreeRTOS/Drivers/STM32WLxx_HAL_Driver/Src/stm32wlxx_hal_exti.c:514:6:HAL_EXTI_IRQHandler	8	static
/Users/peppe/Documents/STM32CubeIDE/workspace_114.0_3/LoRaWAN_End_Node_FreeRTOS/Drivers/STM32WLxx_HAL_Driver/Src/stm32wlxx_hal_exti.c:552:10:HAL_EXTI_GetPending	0	static
/Users/peppe/Documents/STM32CubeIDE/workspace_114.0_3/LoRaWAN_End_Node_FreeRTOS/Drivers/STM32WLxx_HAL_Driver/Src/stm32wlxx_hal_exti.c:588:6:HAL_EXTI_ClearPending	0	static
/Users/peppe/Documents/STM32CubeIDE/workspace_114.0_3/LoRaWAN_End_Node_FreeRTOS/Drivers/STM32WLxx_HAL_Driver/Src/stm32wlxx_hal_exti.c:615:6:HAL_EXTI_GenerateSWI	0	static
