/Users/peppe/Documents/STM32CubeIDE/workspace_114.0_3/LoRaWAN_End_Node_FreeRTOS/Middlewares/Third_Party/LoRaWAN/LmHandler/NvmDataMgmt.c:58:6:NvmDataMgmtEvent	0	static
/Users/peppe/Documents/STM32CubeIDE/workspace_114.0_3/LoRaWAN_End_Node_FreeRTOS/Middlewares/Third_Party/LoRaWAN/LmHandler/NvmDataMgmt.c:65:9:NvmDataMgmtStoreBegin	8	static
/Users/peppe/Documents/STM32CubeIDE/workspace_114.0_3/LoRaWAN_End_Node_FreeRTOS/Middlewares/Third_Party/LoRaWAN/LmHandler/NvmDataMgmt.c:84:9:NvmDataMgmtStoreEnd	8	static
