/Users/peppe/Documents/STM32CubeIDE/workspace_114.0_3/LoRaWAN_End_Node_FreeRTOS/Middlewares/Third_Party/LoRaWAN/Mac/Region/RegionCN470B20.c:57:9:RegionCN470B20GetBeaconChannelOffset	0	static
/Users/peppe/Documents/STM32CubeIDE/workspace_114.0_3/LoRaWAN_End_Node_FreeRTOS/Middlewares/Third_Party/LoRaWAN/Mac/Region/RegionCN470B20.c:62:9:RegionCN470B20LinkAdrChMaskUpdate	8	static
/Users/peppe/Documents/STM32CubeIDE/workspace_114.0_3/LoRaWAN_End_Node_FreeRTOS/Middlewares/Third_Party/LoRaWAN/Mac/Region/RegionCN470B20.c:70:6:RegionCN470B20VerifyRfFreq	16	static
/Users/peppe/Documents/STM32CubeIDE/workspace_114.0_3/LoRaWAN_End_Node_FreeRTOS/Middlewares/Third_Party/LoRaWAN/Mac/Region/RegionCN470B20.c:92:6:RegionCN470B20InitializeChannels	8	static
/Users/peppe/Documents/STM32CubeIDE/workspace_114.0_3/LoRaWAN_End_Node_FreeRTOS/Middlewares/Third_Party/LoRaWAN/Mac/Region/RegionCN470B20.c:110:6:RegionCN470B20InitializeChannelsMask	8	static
/Users/peppe/Documents/STM32CubeIDE/workspace_114.0_3/LoRaWAN_End_Node_FreeRTOS/Middlewares/Third_Party/LoRaWAN/Mac/Region/RegionCN470B20.c:115:10:RegionCN470B20GetRx1Frequency	0	static
/Users/peppe/Documents/STM32CubeIDE/workspace_114.0_3/LoRaWAN_End_Node_FreeRTOS/Middlewares/Third_Party/LoRaWAN/Mac/Region/RegionCN470B20.c:38:10:RegionCN470B20GetDownlinkFrequency	8	static
/Users/peppe/Documents/STM32CubeIDE/workspace_114.0_3/LoRaWAN_End_Node_FreeRTOS/Middlewares/Third_Party/LoRaWAN/Mac/Region/RegionCN470B20.c:130:10:RegionCN470B20GetRx2Frequency	16	static
