/Users/peppe/Documents/STM32CubeIDE/workspace_114.0_3/LoRaWAN_End_Node_FreeRTOS/Middlewares/Third_Party/LoRaWAN/Mac/Region/RegionCN470A26.c:58:10:RegionCN470A26GetDownlinkFrequency	0	static
/Users/peppe/Documents/STM32CubeIDE/workspace_114.0_3/LoRaWAN_End_Node_FreeRTOS/Middlewares/Third_Party/LoRaWAN/Mac/Region/RegionCN470A26.c:63:9:RegionCN470A26GetBeaconChannelOffset	0	static
/Users/peppe/Documents/STM32CubeIDE/workspace_114.0_3/LoRaWAN_End_Node_FreeRTOS/Middlewares/Third_Party/LoRaWAN/Mac/Region/RegionCN470A26.c:68:9:RegionCN470A26LinkAdrChMaskUpdate	12	static
/Users/peppe/Documents/STM32CubeIDE/workspace_114.0_3/LoRaWAN_End_Node_FreeRTOS/Middlewares/Third_Party/LoRaWAN/Mac/Region/RegionCN470A26.c:114:6:RegionCN470A26VerifyRfFreq	8	static
/Users/peppe/Documents/STM32CubeIDE/workspace_114.0_3/LoRaWAN_End_Node_FreeRTOS/Middlewares/Third_Party/LoRaWAN/Mac/Region/RegionCN470A26.c:126:6:RegionCN470A26InitializeChannels	4	static
/Users/peppe/Documents/STM32CubeIDE/workspace_114.0_3/LoRaWAN_End_Node_FreeRTOS/Middlewares/Third_Party/LoRaWAN/Mac/Region/RegionCN470A26.c:137:6:RegionCN470A26InitializeChannelsMask	0	static
/Users/peppe/Documents/STM32CubeIDE/workspace_114.0_3/LoRaWAN_End_Node_FreeRTOS/Middlewares/Third_Party/LoRaWAN/Mac/Region/RegionCN470A26.c:157:10:RegionCN470A26GetRx1Frequency	0	static
/Users/peppe/Documents/STM32CubeIDE/workspace_114.0_3/LoRaWAN_End_Node_FreeRTOS/Middlewares/Third_Party/LoRaWAN/Mac/Region/RegionCN470A26.c:162:10:RegionCN470A26GetRx2Frequency	0	static
